../Core/Src/main.c:65:6:Set_Servo_Angle	32	static
../Core/Src/main.c:71:6:handle_PA4_interrupt	4	static
../Core/Src/main.c:77:6:handle_PA5_interrupt	4	static
../Core/Src/main.c:83:6:HAL_GPIO_EXTI_Callback	16	static
../Core/Src/main.c:98:5:main	40	static
../Core/Src/main.c:240:6:SystemClock_Config	88	static
../Core/Src/main.c:287:13:MX_I2C1_Init	8	static
../Core/Src/main.c:321:13:MX_TIM2_Init	48	static
../Core/Src/main.c:370:13:MX_GPIO_Init	40	static
../Core/Src/main.c:408:6:Error_Handler	4	static,ignoring_inline_asm
