17:37:00 **** Incremental Build of configuration Debug for project Gate_initalize ****
make -j12 all 
arm-none-eabi-gcc "../Core/Src/i2c-lcd.c" -mcpu=cortex-m4 -std=gnu11 -g3 -DDEBUG -DUSE_HAL_DRIVER -DSTM32F407xx -c -I../Core/Inc -I../Drivers/STM32F4xx_HAL_Driver/Inc -I../Drivers/STM32F4xx_HAL_Driver/Inc/Legacy -I../Drivers/CMSIS/Device/ST/STM32F4xx/Include -I../Drivers/CMSIS/Include -O0 -ffunction-sections -fdata-sections -Wall -fstack-usage -fcyclomatic-complexity -MMD -MP -MF"Core/Src/i2c-lcd.d" -MT"Core/Src/i2c-lcd.o" --specs=nano.specs -mfpu=fpv4-sp-d16 -mfloat-abi=hard -mthumb -o "Core/Src/i2c-lcd.o"
arm-none-eabi-gcc -o "Gate_initalize.elf" @"objects.list"   -mcpu=cortex-m4 -T"/home/krushna/PROJECT_SMART_PARKING/smart-parking/Gate_initalize.zip_expanded/Gate_initalize/STM32F407VGTX_FLASH.ld" --specs=nosys.specs -Wl,-Map="Gate_initalize.map" -Wl,--gc-sections -static --specs=nano.specs -mfpu=fpv4-sp-d16 -mfloat-abi=hard -mthumb -Wl,--start-group -lc -lm -Wl,--end-group
Finished building target: Gate_initalize.elf
 
arm-none-eabi-size  Gate_initalize.elf 
arm-none-eabi-objdump -h -S Gate_initalize.elf  > "Gate_initalize.list"
   text	   data	    bss	    dec	    hex	filename
  15452	     92	   2060	  17604	   44c4	Gate_initalize.elf
Finished building: default.size.stdout
 
Finished building: Gate_initalize.list
 
17:37:02 **** Incremental Build of configuration Debug for project Gate_initalize ****
make -j12 all 
arm-none-eabi-size  Gate_initalize.elf 
   text	   data	    bss	    dec	    hex	filename
  15452	     92	   2060	  17604	   44c4	Gate_initalize.elf
Finished building: default.size.stdout
 
17:39:18 **** Incremental Build of configuration Debug for project Gate_initalize ****
make -j12 all 
arm-none-eabi-size  Gate_initalize.elf 
   text	   data	    bss	    dec	    hex	filename
  15452	     92	   2060	  17604	   44c4	Gate_initalize.elf
Finished building: default.size.stdout
 
